// Vitest Snapshot v1, https://vitest.dev/guide/snapshot.html

exports[`SubGenerator kotlin of kotlin JHipster blueprint > gradle > should match source calls 1`] = `
{
  "addGradleDependencyCatalogLibrary": [
    {
      "group": "org.jetbrains.kotlin",
      "libraryName": "kotlin-bom",
      "name": "kotlin-bom",
      "scope": "implementation platform",
      "version.ref": "kotlin",
    },
  ],
  "addGradleDependencyCatalogPlugin": [
    {
      "addToBuild": true,
      "id": "org.jetbrains.kotlin.plugin.spring",
      "pluginName": "kotlin-spring",
      "version.ref": "kotlin",
    },
    {
      "addToBuild": true,
      "id": "org.jetbrains.kotlin.plugin.jpa",
      "pluginName": "kotlin-jpa",
      "version.ref": "kotlin",
    },
  ],
  "addGradleDependencyCatalogPlugins": [
    [
      {
        "addToBuild": true,
        "id": "org.jetbrains.kotlin.jvm",
        "pluginName": "kotlin",
        "version.ref": "kotlin",
      },
      {
        "addToBuild": true,
        "id": "org.jetbrains.kotlin.kapt",
        "pluginName": "kotlin-kapt",
        "version.ref": "kotlin",
      },
    ],
  ],
  "addGradleDependencyCatalogVersion": [
    {
      "name": "kotlin",
      "version": "'KOTLIN-VERSION'",
    },
  ],
  "applyFromGradle": [
    {
      "script": "gradle/kotlin.gradle",
    },
  ],
}
`;

exports[`SubGenerator kotlin of kotlin JHipster blueprint > gradle > should succeed 1`] = `
{
  ".yo-rc.json": {
    "stateCleared": "modified",
  },
  "buildSrc/build.gradle": {
    "stateCleared": "modified",
  },
  "buildSrc/gradle/libs.versions.toml": {
    "stateCleared": "modified",
  },
  "gradle/kotlin.gradle": {
    "stateCleared": "modified",
  },
  "gradle/libs.versions.toml": {
    "stateCleared": "modified",
  },
  "gradle/wrapper/gradle-wrapper.jar": {
    "stateCleared": "modified",
  },
  "gradle/wrapper/gradle-wrapper.properties": {
    "stateCleared": "modified",
  },
  "gradlew": {
    "stateCleared": "modified",
  },
  "gradlew.bat": {
    "stateCleared": "modified",
  },
  "src/main/kotlin/com/mycompany/myapp/GeneratedByJHipster.kt": {
    "stateCleared": "modified",
  },
}
`;

exports[`SubGenerator kotlin of kotlin JHipster blueprint > maven > should match source calls 1`] = `
{
  "addJavaDefinition": [
    {
      "dependencies": [
        {
          "artifactId": "kotlin-stdlib-jdk8",
          "groupId": "org.jetbrains.kotlin",
        },
        {
          "artifactId": "kotlin-reflect",
          "groupId": "org.jetbrains.kotlin",
        },
        {
          "artifactId": "kotlin-test-junit",
          "groupId": "org.jetbrains.kotlin",
          "scope": "test",
        },
        {
          "artifactId": "mockito-kotlin",
          "groupId": "org.mockito.kotlin",
          "scope": "test",
          "version": "'MOCKITO-KOTLIN-VERSION'",
        },
      ],
      "versions": [
        {
          "name": "kotlin",
          "version": "'KOTLIN-VERSION'",
        },
      ],
    },
  ],
  "addMavenDefinition": [
    {
      "dependencyManagement": [
        {
          "artifactId": "kotlin-bom",
          "groupId": "org.jetbrains.kotlin",
          "scope": "import",
          "type": "pom",
          "version": "\${kotlin.version}",
        },
      ],
      "plugins": [
        {
          "additionalContent": "
                                    <executions>
                                        <!-- Replacing default-compile as it is treated specially by maven -->
                                        <execution>
                                            <id>default-compile</id>
                                            <phase>none</phase>
                                        </execution>
                                        <!-- Replacing default-testCompile as it is treated specially by maven -->
                                        <execution>
                                            <id>default-testCompile</id>
                                            <phase>none</phase>
                                        </execution>
                                        <execution>
                                            <id>java-compile</id>
                                            <phase>compile</phase>
                                            <goals>
                                                <goal>compile</goal>
                                            </goals>
                                        </execution>
                                        <execution>
                                            <id>java-test-compile</id>
                                            <phase>test-compile</phase>
                                            <goals>
                                                <goal>testCompile</goal>
                                            </goals>
                                        </execution>
                                    </executions>
                                    <configuration>
                                        <proc>none</proc>
                                    </configuration>",
          "artifactId": "maven-compiler-plugin",
          "groupId": "org.apache.maven.plugins",
          "version": "\${maven-compiler-plugin.version}",
        },
        {
          "additionalContent": "
                                    <executions>
                                        <execution>
                                            <id>kapt</id>
                                            <goals>
                                                <goal>kapt</goal>
                                            </goals>
                                            <configuration>
                                                <sourceDirs>
                                                    <sourceDir>\${project.basedir}/src/main/kotlin</sourceDir>
                                                    <sourceDir>\${project.basedir}/src/main/java</sourceDir>
                                                </sourceDirs>
                                                <annotationProcessorPaths>
                                                    <annotationProcessorPath>
                                                        <groupId>org.mapstruct</groupId>
                                                        <artifactId>mapstruct-processor</artifactId>
                                                        <version>\${mapstruct.version}</version>
                                                    </annotationProcessorPath>
                                                    <!-- For JPA static metamodel generation -->
                                                    <annotationProcessorPath>
                                                        <groupId>org.hibernate</groupId>
                                                        <artifactId>hibernate-jpamodelgen</artifactId>
                                                        <version>\${hibernate.version}</version>
                                                    </annotationProcessorPath>
                                                    <annotationProcessorPath>
                                                        <groupId>org.glassfish.jaxb</groupId>
                                                        <artifactId>jaxb-runtime</artifactId>
                                                        <version>\${jaxb-runtime.version}</version>
                                                    </annotationProcessorPath>
                                                    
                                                </annotationProcessorPaths>
                                            </configuration>
                                        </execution>
                                        <execution>
                                            <id>compile</id>
                                            <phase>process-sources</phase>
                                            <goals>
                                                <goal>compile</goal>
                                            </goals>
                                            <configuration>
                                                <sourceDirs>
                                                    <sourceDir>\${project.basedir}/src/main/kotlin</sourceDir>
                                                    <sourceDir>\${project.basedir}/src/main/java</sourceDir>
                                                </sourceDirs>
                                            </configuration>
                                        </execution>
                                        <execution>
                                            <id>test-compile</id>
                                            <phase>process-test-sources</phase>
                                            <goals>
                                                <goal>test-compile</goal>
                                            </goals>
                                            <configuration>
                                                <sourceDirs>
                                                    <sourceDir>\${project.basedir}/src/test/kotlin</sourceDir>
                                                    <sourceDir>\${project.basedir}/src/test/java</sourceDir>
                                                </sourceDirs>
                                            </configuration>
                                        </execution>
                                    </executions>
                                    <configuration>
                                        <jvmTarget>\${java.version}</jvmTarget>
                                        <javaParameters>true</javaParameters>
                                        <args>
                                            <arg>-Xjvm-default=all</arg>
                                        </args>
                                        <compilerPlugins>
                                            <plugin>spring</plugin>
                                            <plugin>jpa</plugin>
                                            <plugin>all-open</plugin>
                                        </compilerPlugins>
                                    </configuration>
                                    <dependencies>
                                        <dependency>
                                            <groupId>org.jetbrains.kotlin</groupId>
                                            <artifactId>kotlin-maven-allopen</artifactId>
                                            <version>\${kotlin.version}</version>
                                        </dependency>
                                        <dependency>
                                            <groupId>org.jetbrains.kotlin</groupId>
                                            <artifactId>kotlin-maven-noarg</artifactId>
                                            <version>\${kotlin.version}</version>
                                        </dependency>
                                    </dependencies>",
          "artifactId": "kotlin-maven-plugin",
          "groupId": "org.jetbrains.kotlin",
          "version": "\${kotlin.version}",
        },
      ],
    },
  ],
  "mergeMavenPomContent": [
    {
      "project": {
        "build": {
          "sourceDirectory": "src/main/kotlin/",
          "testSourceDirectory": "src/test/kotlin/",
        },
      },
    },
  ],
}
`;

exports[`SubGenerator kotlin of kotlin JHipster blueprint > maven > should succeed 1`] = `
{
  ".mvn/jvm.config": {
    "stateCleared": "modified",
  },
  ".mvn/wrapper/maven-wrapper.jar": {
    "stateCleared": "modified",
  },
  ".mvn/wrapper/maven-wrapper.properties": {
    "stateCleared": "modified",
  },
  ".yo-rc.json": {
    "stateCleared": "modified",
  },
  "mvnw": {
    "stateCleared": "modified",
  },
  "mvnw.cmd": {
    "stateCleared": "modified",
  },
  "pom.xml": {
    "stateCleared": "modified",
  },
  "src/main/kotlin/com/mycompany/myapp/GeneratedByJHipster.kt": {
    "stateCleared": "modified",
  },
}
`;
