// Vitest Snapshot v1, https://vitest.dev/guide/snapshot.html

exports[`SubGenerator spring-boot-v2 of kotlin JHipster blueprint > run > should succeed 1`] = `
{
  ".yo-rc.json": {
    "stateCleared": "modified",
  },
}
`;
